// Jest Snapshot v1, https://goo.gl/fbAQLP

exports[`Filterchunker should work 1`] = `
Object {
  "data": Array [
    0,
    0,
    0,
    40,
    0,
    32,
    0,
    0,
    1,
    2,
    3,
    4,
    5,
    6,
    7,
    8,
    9,
    10,
    11,
    12,
    13,
    14,
    15,
    16,
    17,
    18,
    19,
    20,
    21,
    22,
    23,
    24,
    25,
    26,
    27,
    28,
    29,
    30,
    31,
  ],
  "type": "Buffer",
}
`;

exports[`Filterchunker should work 2`] = `
Object {
  "data": Array [
    0,
    32,
    0,
    40,
    0,
    8,
    0,
    32,
    33,
    34,
    35,
    36,
    37,
    38,
    39,
  ],
  "type": "Buffer",
}
`;
